MO cpu_checker NULL cpu_checker.v vlg50/cpu__checker.bin 1605410028
MO cpu_checker_num10 NULL cpu_checker_num10.v vlg74/cpu__checker__num10.bin 1605410028
MO cpu_checker_num NULL cpu_checker_num.v vlg27/cpu__checker__num.bin 1605410028
MO cpu_checker_alpha_to_num NULL cpu_checker_alpha_to_num.v vlg3E/cpu__checker__alpha__to__num.bin 1605410028
MO cpu_checker_alpha NULL cpu_checker_alpha.v vlg61/cpu__checker__alpha.bin 1605410028
